{
    "children": {
        "title": {
            "errors": [
                "This value should not be blank."
            ]
        },
        "author": {
            "errors": [
                "This value should not be blank."
            ]
        }
    }
}
